Copyright 1986-2022 Xilinx, Inc. All Rights Reserved.
------------------------------------------------------------------------------------
| Tool Version : Vivado v.2022.1 (win64) Build 3526262 Mon Apr 18 15:48:16 MDT 2022
| Date         : Sun Sep 13 18:09:53 2026
| Host         : CaoHonghao running 64-bit major release  (build 9200)
| Command      : report_ip_status
------------------------------------------------------------------------------------

IP Status Summary

1. Project IP Status
--------------------
Your project uses 10 IP. Some of these IP may have undergone changes in this release of the software. Please review the recommended actions.

More information on the Xilinx versioning policy is available at www.xilinx.com.

Project IP Instances
+---------------------------------+--------------------+---------------------+-----------+--------------------+---------+-----------------------+------------+----------------------+
| Instance Name                   | Status             | Recommendation      | Change    | IP Name            | IP      | New Version           | New        | Original Part        |
|                                 |                    |                     | Log       |                    | Version |                       | License    |                      |
+---------------------------------+--------------------+---------------------+-----------+--------------------+---------+-----------------------+------------+----------------------+
| design_1_axi_dma_0_0            | Up-to-date         | No changes required |  *(1)     | AXI Direct Memory  | 7.1     | 7.1 (Rev. 27)         | Included   | xc7z020clg400-1      |
|                                 |                    |                     |           | Access             | (Rev.   |                       |            |                      |
|                                 |                    |                     |           |                    | 27)     |                       |            |                      |
+---------------------------------+--------------------+---------------------+-----------+--------------------+---------+-----------------------+------------+----------------------+
| design_1_axi_gpio_0_0           | Up-to-date         | No changes required |  *(2)     | AXI GPIO           | 2.0     | 2.0 (Rev. 28)         | Included   | xc7z020clg400-1      |
|                                 |                    |                     |           |                    | (Rev.   |                       |            |                      |
|                                 |                    |                     |           |                    | 28)     |                       |            |                      |
+---------------------------------+--------------------+---------------------+-----------+--------------------+---------+-----------------------+------------+----------------------+
| design_1_axi_interconnect_0_0   | Up-to-date         | No changes required |  *(3)     | AXI Interconnect   | 2.1     | 2.1 (Rev. 27)         | Included   | xc7z020clg400-1      |
|                                 |                    |                     |           |                    | (Rev.   |                       |            |                      |
|                                 |                    |                     |           |                    | 27)     |                       |            |                      |
+---------------------------------+--------------------+---------------------+-----------+--------------------+---------+-----------------------+------------+----------------------+
| design_1_axi_interconnect_1_0   | Up-to-date         | No changes required |  *(4)     | AXI Interconnect   | 2.1     | 2.1 (Rev. 27)         | Included   | xc7z020clg400-1      |
|                                 |                    |                     |           |                    | (Rev.   |                       |            |                      |
|                                 |                    |                     |           |                    | 27)     |                       |            |                      |
+---------------------------------+--------------------+---------------------+-----------+--------------------+---------+-----------------------+------------+----------------------+
| design_1_frame_diff_0_0         | IP revision change | Upgrade IP          | Change    | Frame_diff         | 1.0     | 1.0 (Rev. 2114784485) | Included   | xc7z020clg400-1      |
|                                 |                    |                     | Log not   |                    | (Rev.   |                       |            |                      |
|                                 |                    |                     | available |                    | 2114783 |                       |            |                      |
+---------------------------------+--------------------+---------------------+-----------+--------------------+---------+-----------------------+------------+----------------------+
| design_1_morphology_0_0         | IP revision change | Upgrade IP          | Change    | Morphology         | 1.0     | 1.0 (Rev. 2114784485) | Included   | xc7z020clg400-1      |
|                                 |                    |                     | Log not   |                    | (Rev.   |                       |            |                      |
|                                 |                    |                     | available |                    | 2114783 |                       |            |                      |
+---------------------------------+--------------------+---------------------+-----------+--------------------+---------+-----------------------+------------+----------------------+
| design_1_proc_sys_reset_0_0     | Up-to-date         | No changes required |  *(5)     | Processor System   | 5.0     | 5.0 (Rev. 13)         | Included   | xc7z020clg400-1      |
|                                 |                    |                     |           | Reset              | (Rev.   |                       |            |                      |
|                                 |                    |                     |           |                    | 13)     |                       |            |                      |
+---------------------------------+--------------------+---------------------+-----------+--------------------+---------+-----------------------+------------+----------------------+
| design_1_processing_system7_0_0 | Up-to-date         | No changes required |  *(6)     | ZYNQ7 Processing   | 5.5     | 5.5 (Rev. 6)          | Included   | xc7z020clg400-1      |
|                                 |                    |                     |           | System             | (Rev.   |                       |            |                      |
|                                 |                    |                     |           |                    | 6)      |                       |            |                      |
+---------------------------------+--------------------+---------------------+-----------+--------------------+---------+-----------------------+------------+----------------------+
| design_1_rgb2gray_0_0           | IP revision change | Upgrade IP          | Change    | Rgb2gray           | 1.0     | 1.0 (Rev. 2114784485) | Included   | xc7z020clg400-1      |
|                                 |                    |                     | Log not   |                    | (Rev.   |                       |            |                      |
|                                 |                    |                     | available |                    | 2114783 |                       |            |                      |
+---------------------------------+--------------------+---------------------+-----------+--------------------+---------+-----------------------+------------+----------------------+
| design_1_threshold_0_0          | IP revision change | Upgrade IP          | Change    | Threshold          | 1.0     | 1.0 (Rev. 2114784485) | Included   | xc7z020clg400-1      |
|                                 |                    |                     | Log not   |                    | (Rev.   |                       |            |                      |
|                                 |                    |                     | available |                    | 2114783 |                       |            |                      |
+---------------------------------+--------------------+---------------------+-----------+--------------------+---------+-----------------------+------------+----------------------+
*(1) d:/Xilinx/Vivado/2022.1/data/ip/xilinx/axi_dma_v7_1/doc/axi_dma_v7_1_changelog.txt
*(2) d:/Xilinx/Vivado/2022.1/data/ip/xilinx/axi_gpio_v2_0/doc/axi_gpio_v2_0_changelog.txt
*(3) d:/Xilinx/Vivado/2022.1/data/ip/xilinx/axi_interconnect_v2_1/doc/axi_interconnect_v2_1_changelog.txt
*(4) d:/Xilinx/Vivado/2022.1/data/ip/xilinx/axi_interconnect_v2_1/doc/axi_interconnect_v2_1_changelog.txt
*(5) d:/Xilinx/Vivado/2022.1/data/ip/xilinx/proc_sys_reset_v5_0/doc/proc_sys_reset_v5_0_changelog.txt
*(6) d:/Xilinx/Vivado/2022.1/data/ip/xilinx/processing_system7_v5_5/doc/processing_system7_v5_5_changelog.txt


